// Vitest Snapshot v1, https://vitest.dev/guide/snapshot.html

exports[`Public View Page Tests > Can see a publicly shared grid view 1`] = `
<div>
  <div>
    <div
      class="toasts__container-top"
    >
      <!--v-if-->
      <!--v-if-->
      <!--v-if-->
      <!--v-if-->
      <!--v-if-->
      <!--v-if-->
      <!--v-if-->
      
      
    </div>
    <div
      class="toasts__container-bottom"
    >
      <!--v-if-->
      <!--v-if-->
      <!--v-if-->
      <!--v-if-->
      
      
    </div>
  </div>
  <div
    class="public-view__table"
  >
    <div>
      <header
        class="layout__col-2-1 header header--dark-border"
      >
        <div
          class="header__loading"
          style="display: none;"
        />
        <ul
          class="header__filter"
        >
          <li
            class="header__filter-item"
          >
            <a
              class="header__filter-logo"
              href="https://baserow.io"
              target="_blank"
              title="Baserow - open source no-code database tool and Airtable alternative"
            >
              <div
                alt="Baserow - open source no-code database tool and Airtable alternative"
                class="logo"
                height="14"
              >
                <img
                  alt="Baserow - open source no-code database tool and Airtable alternative"
                  class=""
                  height="14"
                  src="/modules/core/static/img/logo.svg"
                />
              </div>
            </a>
          </li>
          <li
            class="header__filter-item header__filter-item--grids"
          >
            <a
              class="header__filter-link active header__filter-link--disabled"
              data-highlight="views"
            >
              
              <i
                class="header__filter-icon header-filter-icon--view color-primary iconoir-menu"
              />
              <span
                class="header__filter-name header__filter-name--forced"
              >
                <span
                  class=""
                  contenteditable="false"
                  placeholder=""
                >
                  my public grid view name
                </span>
              </span>
              <!--v-if-->
              
            </a>
            <!--v-if-->
          </li>
          <!--v-if-->
          <li
            class="header__filter-item header__filter-item--no-margin-left"
          >
            <a
              class="header__filter-link"
              href="#"
              title="publicViewMenu.moreOptions"
            >
              <i
                class="header__filter-icon baserow-icon-more-vertical"
              />
            </a>
            <teleport-stub
              to="body"
            >
              <div
                class="context visibility-hidden"
              >
                <!--v-if-->
              </div>
            </teleport-stub>
            <teleport-stub
              to="body"
            >
              <!--v-if-->
            </teleport-stub>
          </li>
          
          
          <li
            class="header__filter-item"
            data-highlight="view-filters"
          >
            <div>
              <a
                class="header__filter-link"
              >
                <i
                  class="header__filter-icon iconoir-filter"
                />
                <span
                  class="header__filter-name"
                >
                  viewFilter.filter - 0
                </span>
              </a>
              <teleport-stub
                to="body"
              >
                <div
                  class="filters context visibility-hidden"
                >
                  <!--v-if-->
                </div>
              </teleport-stub>
            </div>
          </li>
          <li
            class="header__filter-item"
            data-highlight="view-sorts"
          >
            <div>
              <a
                class="header__filter-link"
              >
                <i
                  class="header__filter-icon iconoir-sort"
                />
                <span
                  class="header__filter-name"
                >
                  viewSort.sort - 0
                </span>
              </a>
              <teleport-stub
                to="body"
              >
                <div
                  class="sortings context visibility-hidden"
                >
                  <!--v-if-->
                </div>
              </teleport-stub>
            </div>
          </li>
          <li
            class="header__filter-item"
            data-highlight="view-group-by"
          >
            <div>
              <a
                class="header__filter-link"
              >
                <i
                  class="header__filter-icon iconoir-book-stack"
                />
                <span
                  class="header__filter-name"
                >
                  viewGroupBy.groupBy - 0
                </span>
              </a>
              <teleport-stub
                to="body"
              >
                <div
                  class="group-bys context visibility-hidden"
                >
                  <!--v-if-->
                </div>
              </teleport-stub>
            </div>
          </li>
          <!--v-if-->
          <!--v-if-->
        </ul>
        <ul
          class="header__filter header__filter--full-width"
          table="[object Object]"
        >
          <li
            class="header__filter-item"
          >
            <div>
              <a
                class="header__filter-link active active--error"
              >
                <i
                  class="header__filter-icon iconoir-eye-off"
                />
                <span
                  class="header__filter-name"
                >
                  gridViewHide.hideField - 1
                </span>
              </a>
              <teleport-stub
                to="body"
              >
                <div
                  class="hidings context visibility-hidden"
                >
                  <!--v-if-->
                </div>
              </teleport-stub>
            </div>
          </li>
          <li
            class="header__filter-item"
          >
            <div>
              <a
                class="header__filter-link"
              >
                <i
                  class="header__filter-icon iconoir-table-rows"
                />
                <span
                  class="header__filter-name"
                >
                  gridViewRowHeight.name
                </span>
              </a>
              <div
                class="dropdown dropdown--floating"
                role="list"
                tabindex="0"
              >
                <!--v-if-->
                <div
                  class="dropdown__items hidden"
                >
                  <!--v-if-->
                  <ul
                    class="select__items prevent-scroll"
                    tabindex="-1"
                  >
                    
                    <li
                      class="select__item select__item--no-options visible"
                      role="listitem"
                    >
                      <a
                        class="select__item-link"
                      >
                        <div
                          class="select__item-name"
                        >
                          <!--v-if-->
                          
                          <!--v-if-->
                          <!--v-if-->
                          <span
                            class="select__item-name-text"
                            title="gridViewRowHeight.small"
                          >
                            gridViewRowHeight.small
                          </span>
                          
                        </div>
                        <!--v-if-->
                      </a>
                      <i
                        class="select__item-active-icon iconoir-check"
                      />
                    </li>
                    <li
                      class="select__item select__item--no-options visible"
                      role="listitem"
                    >
                      <a
                        class="select__item-link"
                      >
                        <div
                          class="select__item-name"
                        >
                          <!--v-if-->
                          
                          <!--v-if-->
                          <!--v-if-->
                          <span
                            class="select__item-name-text"
                            title="gridViewRowHeight.medium"
                          >
                            gridViewRowHeight.medium
                          </span>
                          
                        </div>
                        <!--v-if-->
                      </a>
                      <i
                        class="select__item-active-icon iconoir-check"
                      />
                    </li>
                    <li
                      class="select__item select__item--no-options visible"
                      role="listitem"
                    >
                      <a
                        class="select__item-link"
                      >
                        <div
                          class="select__item-name"
                        >
                          <!--v-if-->
                          
                          <!--v-if-->
                          <!--v-if-->
                          <span
                            class="select__item-name-text"
                            title="gridViewRowHeight.large"
                          >
                            gridViewRowHeight.large
                          </span>
                          
                        </div>
                        <!--v-if-->
                      </a>
                      <i
                        class="select__item-active-icon iconoir-check"
                      />
                    </li>
                    
                  </ul>
                  <!--v-if-->
                  <!--v-if-->
                </div>
              </div>
            </div>
          </li>
          <!--v-if-->
          <li
            class="header__filter-item header__filter-item--right"
          >
            <div
              class="header__search"
            >
              <a
                class="header__filter-link"
              >
                <i
                  class="header__search-icon iconoir-search"
                />
                 
              </a>
              <a
                aria-label="viewSearch.clearSearch"
                class="header__search-clear"
                style="display: none;"
              >
                <i
                  class="iconoir-cancel"
                />
              </a>
              <teleport-stub
                to="body"
              >
                <div
                  class="context visibility-hidden context--overflow-scroll"
                >
                  <!--v-if-->
                </div>
              </teleport-stub>
            </div>
          </li>
        </ul>
      </header>
      <div
        class="layout__col-2-2 content"
      >
        <!--v-if-->
        <div
          class="grid-view grid-view--row-height-undefined"
          loading="false"
        >
          <div
            class="scrollbars"
            style="left: 72px;"
          >
            <!--v-if-->
            <!--v-if-->
          </div>
          <div
            class="grid-view__left"
            style="width: 72px;"
          >
            
            
            
            
            <div
              class="grid-view__inner"
              style="min-width: 72px;"
            >
              <div
                class="grid-view__head"
              >
                
                
                <div
                  class="grid-view__column grid-view__column--no-border-right"
                  style="width: 72px;"
                >
                  <!--v-if-->
                </div>
                
                
                <!--v-if-->
              </div>
              <div
                class="grid-view__body"
              >
                <div
                  class="grid-view__body-inner"
                >
                  <div
                    class="grid-view__placeholder"
                    style="width: 72px;"
                  >
                    <!--v-if-->
                    
                    
                  </div>
                  <!--v-if-->
                  <div
                    class="grid-view__rows"
                    style="transform: translateY(NaNpx) translateX(0px); left: 0px;"
                  >
                    
                    
                  </div>
                  <div
                    class="grid-view__row-placeholder"
                  />
                </div>
              </div>
              <div
                class="grid-view__foot"
              >
                <!--v-if-->
                <div
                  class="grid-view__foot-info"
                >
                  gridView.rowCount - 1
                </div>
                
                
              </div>
            </div>
          </div>
          <teleport-stub
            to="body"
          >
            <div
              class="context visibility-hidden context--overflow-scroll"
            >
              <!--v-if-->
            </div>
          </teleport-stub>
          <div
            class="grid-view__divider"
            style="left: 72px;"
          />
          <!--v-if-->
          <div
            class="grid-view__right"
            style="left: 72px;"
          >
            
            
            
            
            <div
              class="grid-view__inner"
              style="min-width: 800px;"
            >
              <div
                class="grid-view__head"
              >
                
                
                <!--v-if-->
                
                <div
                  class="grid-view__column"
                  filters=""
                  style="width: 200px;"
                >
                  <div
                    class="grid-view__description"
                  >
                    <div
                      class="grid-view__description-icon-container"
                    >
                      <i
                        class="grid-view__description-icon iconoir-text"
                      />
                      <!--v-if-->
                    </div>
                    <div
                      class="grid-view__description-name"
                      title="Name"
                    >
                      <span>
                        Name
                      </span>
                    </div>
                    <!--v-if-->
                    <span
                      class="grid-view__description-options"
                    >
                      
                      <!--v-if-->
                      
                      <!--v-if-->
                      <!--v-if-->
                    </span>
                    <!--v-if-->
                    <div
                      class="grid-view__description-width"
                    />
                  </div>
                </div>
                <div
                  class="grid-view__column"
                  filters=""
                  style="width: 200px;"
                >
                  <div
                    class="grid-view__description"
                  >
                    <div
                      class="grid-view__description-icon-container"
                    >
                      <i
                        class="grid-view__description-icon iconoir-text"
                      />
                      <!--v-if-->
                    </div>
                    <div
                      class="grid-view__description-name"
                      title="Last name"
                    >
                      <span>
                        Last name
                      </span>
                    </div>
                    <!--v-if-->
                    <span
                      class="grid-view__description-options"
                    >
                      
                      <!--v-if-->
                      
                      <!--v-if-->
                      <!--v-if-->
                    </span>
                    <!--v-if-->
                    <div
                      class="grid-view__description-width"
                    />
                  </div>
                </div>
                <div
                  class="grid-view__column"
                  filters=""
                  style="width: 200px;"
                >
                  <div
                    class="grid-view__description"
                  >
                    <div
                      class="grid-view__description-icon-container"
                    >
                      <i
                        class="grid-view__description-icon iconoir-align-left"
                      />
                      <!--v-if-->
                    </div>
                    <div
                      class="grid-view__description-name"
                      title="Notes"
                    >
                      <span>
                        Notes
                      </span>
                    </div>
                    <!--v-if-->
                    <span
                      class="grid-view__description-options"
                    >
                      
                      <!--v-if-->
                      
                      <!--v-if-->
                      <!--v-if-->
                    </span>
                    <!--v-if-->
                    <div
                      class="grid-view__description-width"
                    />
                  </div>
                </div>
                
                <!--v-if-->
              </div>
              <div
                class="grid-view__body"
              >
                <div
                  class="grid-view__body-inner"
                >
                  <div
                    class="grid-view__placeholder"
                    style="width: 600px;"
                  >
                    <!--v-if-->
                    
                    <div
                      class="grid-view__placeholder-column"
                      style="left: 199px;"
                    />
                    <div
                      class="grid-view__placeholder-column"
                      style="left: 399px;"
                    />
                    <div
                      class="grid-view__placeholder-column"
                      style="left: 599px;"
                    />
                    
                  </div>
                  <!--v-if-->
                  <div
                    class="grid-view__rows"
                    style="transform: translateY(NaNpx) translateX(0px); left: 0px;"
                  >
                    
                    
                  </div>
                  <div
                    class="grid-view__row-placeholder"
                  />
                </div>
              </div>
              <div
                class="grid-view__foot"
              >
                <!--v-if-->
                <!--v-if-->
                
                <div
                  style="width: 200px;"
                >
                  <div
                    class="grid-view-aggregation"
                  >
                    <div
                      class="grid-view-aggregation__empty"
                    >
                      <i
                        class="grid-view-aggregation__empty-icon iconoir-plus"
                      />
                       common.summarize
                    </div>
                    <teleport-stub
                      to="body"
                    >
                      <div
                        class="context visibility-hidden"
                      >
                        <!--v-if-->
                      </div>
                    </teleport-stub>
                  </div>
                </div>
                <div
                  style="width: 200px;"
                >
                  <div
                    class="grid-view-aggregation"
                  >
                    <div
                      class="grid-view-aggregation__empty"
                    >
                      <i
                        class="grid-view-aggregation__empty-icon iconoir-plus"
                      />
                       common.summarize
                    </div>
                    <teleport-stub
                      to="body"
                    >
                      <div
                        class="context visibility-hidden"
                      >
                        <!--v-if-->
                      </div>
                    </teleport-stub>
                  </div>
                </div>
                <div
                  style="width: 200px;"
                >
                  <div
                    class="grid-view-aggregation"
                  >
                    <div
                      class="grid-view-aggregation__empty"
                    >
                      <i
                        class="grid-view-aggregation__empty-icon iconoir-plus"
                      />
                       common.summarize
                    </div>
                    <teleport-stub
                      to="body"
                    >
                      <div
                        class="context visibility-hidden"
                      >
                        <!--v-if-->
                      </div>
                    </teleport-stub>
                  </div>
                </div>
                
              </div>
            </div>
          </div>
          <div
            class="grid-view__field-dragging-container"
            style="left: 0px; right: 0px; display: none;"
          >
            <div
              class="grid-view__field-dragging"
              style="width: 0px; left: 0px;"
            />
            <div
              class="grid-view__field-target"
              style="left: 0px;"
            />
          </div>
          <div
            class="grid-view__row-dragging-container"
            style="left: 0px; display: none;"
          >
            <div
              class="grid-view__row-dragging"
              style="width: 672px; top: 0px;"
            />
            <div
              class="grid-view__row-target"
              style="width: 672px; top: 0px; display: none;"
            />
          </div>
          <teleport-stub
            to="body"
          >
            <div
              class="context visibility-hidden context--overflow-scroll"
            >
              <!--v-if-->
            </div>
          </teleport-stub>
          <teleport-stub
            to="body"
          >
            <!--v-if-->
          </teleport-stub>
        </div>
        <!--v-if-->
      </div>
    </div>
  </div>
</div>
`;
